>>> Starting Agent Boot Sequence...
[1/6] Checking User Account               [OK]
   ... Running as service user 'agent' (uid=1000)
[2/6] Verifying Environment Variables     [OK]
   ... All required Envs correct
[3/6] Checking Required Files             [OK]
   ... Verified 'secret.key' with correct key string.
[4/6] Checking Port Availability          [OK]
   ... Port 15034 is available.
[5/6] Verifying Log Permission            [OK]
   ... Log directory is writable: /home/agent/agent-app/logs
[6/6] Verifying Mission Environment       [OK]
   ... MEMORY_LIMIT=512MB, CPU_MAX_OCCUPY=90%, MULTI_THREAD_ENABLE=False
------------------------------------------------------------
All Boot Checks Passed!
Agent READY
2026-07-07 17:55:27,398 [INFO] [SafetyGuard] Process priority lowered (nice=10).
2026-07-07 17:55:27,400 [INFO] Agent listening at port 15034

==================================================
 [ Agent Initiate ] Resource Check 
==================================================
 [ MEMORY ] Limit: 512MB 		[ OK ]
 [ CPU    ] Limit: 90%  		[ WARNING: Recommend Under 50% ]
 [ THREAD ] Concurrency: False 		[ OK ]
--------------------------------------------------
 >>> SYSTEM STATUS: STABLE. STARTING WORKLOAD MONITORING...
==================================================

2026-07-07 17:55:29,416 [INFO] [CpuWorker] Started. Maximum CPU Limit: 90%
2026-07-07 17:55:29,418 [INFO] [CpuWorker] Current Load: 5.00%
2026-07-07 17:55:32,541 [INFO] [CpuWorker] Current Load: 5.85%
2026-07-07 17:55:35,673 [INFO] [CpuWorker] Current Load: 8.30%
2026-07-07 17:55:38,802 [INFO] [CpuWorker] Current Load: 16.66%
2026-07-07 17:55:41,926 [INFO] [CpuWorker] Current Load: 25.12%
2026-07-07 17:55:45,056 [INFO] [CpuWorker] Current Load: 28.34%
2026-07-07 17:55:48,187 [INFO] [CpuWorker] Current Load: 37.84%
2026-07-07 17:55:51,319 [INFO] [CpuWorker] Current Load: 40.36%
2026-07-07 17:55:54,445 [INFO] [CpuWorker] Current Load: 43.43%
2026-07-07 17:55:57,573 [INFO] [CpuWorker] Current Load: 47.59%
2026-07-07 17:56:00,704 [INFO] [CpuWorker] Current Load: 52.11%
2026-07-07 17:56:00,810 [CRITICAL] [CpuWorker] CPU Threshold Violated! (52.11%).
