===================================================================================
[monitor.sh] START 2026-07-07 18:02:44.112
  pattern='agent-leak-app'  interval=1s  duration=35s(0=inf)
  warn: CPU>80%, RSS>400MB   (%CPU=/proc 기반 순간값, 1코어=100%)
-----------------------------------------------------------------------------------
TIMESTAMP                 | PID    | STAT | %CPU   | RSS(MB)  | THREADS | ELAPSED 
-----------------------------------------------------------------------------------
[monitor.sh] 관제 시작: PID=17981
2026-07-07 18:02:44.577   | 17981  | SN   | -      | 25       | 1       | 0s       
        └ thread TID=17981 STAT=SN CPU=23.2% WCHAN=do_select
2026-07-07 18:02:45.868   | 17981  | SN   | 0.0    | 25       | 1       | 1s       
        └ thread TID=17981 STAT=SN CPU=7.0% WCHAN=do_select
2026-07-07 18:02:47.166   | 17981  | SN   | 0.0    | 25       | 1       | 2s       
        └ thread TID=17981 STAT=SN CPU=4.1% WCHAN=do_select
2026-07-07 18:02:48.473   | 17981  | SN   | 0.0    | 25       | 1       | 4s       
        └ thread TID=17981 STAT=SN CPU=2.9% WCHAN=do_select
2026-07-07 18:02:49.788   | 17981  | SN   | 0.0    | 25       | 1       | 5s       
        └ thread TID=17981 STAT=SN CPU=2.2% WCHAN=do_select
2026-07-07 18:02:51.105   | 17981  | SN   | 0.0    | 25       | 1       | 6s       
        └ thread TID=17981 STAT=SN CPU=1.8% WCHAN=do_select
2026-07-07 18:02:52.430   | 17981  | SNl  | 0.8    | 25       | 3       | 8s       
        └ thread TID=17981 STAT=SNl CPU=1.5% WCHAN=futex_wait
        └ thread TID=18207 STAT=SNl CPU=0.0% WCHAN=do_select
        └ thread TID=18208 STAT=SNl CPU=0.0% WCHAN=do_select
2026-07-07 18:02:53.768   | 17981  | SNl  | 0.0    | 25       | 3       | 9s       
        └ thread TID=17981 STAT=SNl CPU=1.3% WCHAN=futex_wait
        └ thread TID=18207 STAT=SNl CPU=0.0% WCHAN=futex_wait
        └ thread TID=18208 STAT=SNl CPU=0.0% WCHAN=futex_wait
2026-07-07 18:02:55.117   | 17981  | SNl  | 0.0    | 25       | 3       | 10s      
        └ thread TID=17981 STAT=SNl CPU=1.1% WCHAN=futex_wait
        └ thread TID=18207 STAT=SNl CPU=0.0% WCHAN=futex_wait
        └ thread TID=18208 STAT=SNl CPU=0.0% WCHAN=futex_wait
2026-07-07 18:02:56.459   | 17981  | SNl  | 0.0    | 25       | 3       | 12s      
        └ thread TID=17981 STAT=SNl CPU=1.0% WCHAN=futex_wait
        └ thread TID=18207 STAT=SNl CPU=0.0% WCHAN=futex_wait
        └ thread TID=18208 STAT=SNl CPU=0.0% WCHAN=futex_wait
2026-07-07 18:02:57.812   | 17981  | SNl  | 0.0    | 25       | 3       | 13s      
        └ thread TID=17981 STAT=SNl CPU=0.9% WCHAN=futex_wait
        └ thread TID=18207 STAT=SNl CPU=0.0% WCHAN=futex_wait
        └ thread TID=18208 STAT=SNl CPU=0.0% WCHAN=futex_wait
2026-07-07 18:02:59.152   | 17981  | SNl  | 0.0    | 25       | 3       | 14s      
        └ thread TID=17981 STAT=SNl CPU=0.8% WCHAN=futex_wait
        └ thread TID=18207 STAT=SNl CPU=0.0% WCHAN=futex_wait
        └ thread TID=18208 STAT=SNl CPU=0.0% WCHAN=futex_wait
2026-07-07 18:03:00.476   | 17981  | SNl  | 0.0    | 25       | 3       | 16s      
        └ thread TID=17981 STAT=SNl CPU=0.7% WCHAN=futex_wait
        └ thread TID=18207 STAT=SNl CPU=0.0% WCHAN=futex_wait
        └ thread TID=18208 STAT=SNl CPU=0.0% WCHAN=futex_wait
2026-07-07 18:03:01.792   | 17981  | SNl  | 0.0    | 25       | 3       | 17s      
        └ thread TID=17981 STAT=SNl CPU=0.7% WCHAN=futex_wait
        └ thread TID=18207 STAT=SNl CPU=0.0% WCHAN=futex_wait
        └ thread TID=18208 STAT=SNl CPU=0.0% WCHAN=futex_wait
2026-07-07 18:03:03.147   | 17981  | SNl  | 0.0    | 25       | 3       | 18s      
        └ thread TID=17981 STAT=SNl CPU=0.6% WCHAN=futex_wait
        └ thread TID=18207 STAT=SNl CPU=0.0% WCHAN=futex_wait
        └ thread TID=18208 STAT=SNl CPU=0.0% WCHAN=futex_wait
2026-07-07 18:03:04.522   | 17981  | SNl  | 0.0    | 25       | 3       | 20s      
        └ thread TID=17981 STAT=SNl CPU=0.6% WCHAN=futex_wait
        └ thread TID=18207 STAT=SNl CPU=0.0% WCHAN=futex_wait
        └ thread TID=18208 STAT=SNl CPU=0.0% WCHAN=futex_wait
2026-07-07 18:03:05.850   | 17981  | SNl  | 0.0    | 25       | 3       | 21s      
        └ thread TID=17981 STAT=SNl CPU=0.5% WCHAN=futex_wait
        └ thread TID=18207 STAT=SNl CPU=0.0% WCHAN=futex_wait
        └ thread TID=18208 STAT=SNl CPU=0.0% WCHAN=futex_wait
2026-07-07 18:03:07.198   | 17981  | SNl  | 0.0    | 25       | 3       | 22s      
        └ thread TID=17981 STAT=SNl CPU=0.5% WCHAN=futex_wait
        └ thread TID=18207 STAT=SNl CPU=0.0% WCHAN=futex_wait
        └ thread TID=18208 STAT=SNl CPU=0.0% WCHAN=futex_wait
2026-07-07 18:03:08.545   | 17981  | SNl  | 0.0    | 25       | 3       | 24s      
        └ thread TID=17981 STAT=SNl CPU=0.5% WCHAN=futex_wait
        └ thread TID=18207 STAT=SNl CPU=0.0% WCHAN=futex_wait
        └ thread TID=18208 STAT=SNl CPU=0.0% WCHAN=futex_wait
2026-07-07 18:03:09.882   | 17981  | SNl  | 0.0    | 25       | 3       | 25s      
        └ thread TID=17981 STAT=SNl CPU=0.5% WCHAN=futex_wait
        └ thread TID=18207 STAT=SNl CPU=0.0% WCHAN=futex_wait
        └ thread TID=18208 STAT=SNl CPU=0.0% WCHAN=futex_wait
2026-07-07 18:03:11.231   | 17981  | SNl  | 0.0    | 25       | 3       | 26s      
        └ thread TID=17981 STAT=SNl CPU=0.4% WCHAN=futex_wait
        └ thread TID=18207 STAT=SNl CPU=0.0% WCHAN=futex_wait
        └ thread TID=18208 STAT=SNl CPU=0.0% WCHAN=futex_wait
2026-07-07 18:03:12.563   | 17981  | SNl  | 0.0    | 25       | 3       | 28s      
        └ thread TID=17981 STAT=SNl CPU=0.4% WCHAN=futex_wait
        └ thread TID=18207 STAT=SNl CPU=0.0% WCHAN=futex_wait
        └ thread TID=18208 STAT=SNl CPU=0.0% WCHAN=futex_wait
2026-07-07 18:03:13.882   | 17981  | SNl  | 0.0    | 25       | 3       | 29s      
        └ thread TID=17981 STAT=SNl CPU=0.4% WCHAN=futex_wait
        └ thread TID=18207 STAT=SNl CPU=0.0% WCHAN=futex_wait
        └ thread TID=18208 STAT=SNl CPU=0.0% WCHAN=futex_wait
2026-07-07 18:03:15.231   | 17981  | SNl  | 0.0    | 25       | 3       | 31s      
        └ thread TID=17981 STAT=SNl CPU=0.4% WCHAN=futex_wait
        └ thread TID=18207 STAT=SNl CPU=0.0% WCHAN=futex_wait
        └ thread TID=18208 STAT=SNl CPU=0.0% WCHAN=futex_wait
2026-07-07 18:03:16.586   | 17981  | SNl  | 0.0    | 25       | 3       | 32s      
        └ thread TID=17981 STAT=SNl CPU=0.3% WCHAN=futex_wait
        └ thread TID=18207 STAT=SNl CPU=0.0% WCHAN=futex_wait
        └ thread TID=18208 STAT=SNl CPU=0.0% WCHAN=futex_wait
2026-07-07 18:03:17.907   | 17981  | SNl  | 0.0    | 25       | 3       | 33s      
        └ thread TID=17981 STAT=SNl CPU=0.3% WCHAN=futex_wait
        └ thread TID=18207 STAT=SNl CPU=0.0% WCHAN=futex_wait
        └ thread TID=18208 STAT=SNl CPU=0.0% WCHAN=futex_wait
[monitor.sh] 지정한 관측 시간(35s) 도달. 종료합니다.
[monitor.sh] STOP 2026-07-07 18:03:19.076
