>>> Starting Agent Boot Sequence...
[1/6] Checking User Account               [OK]
   ... Running as service user 'agent' (uid=1000)
[2/6] Verifying Environment Variables     [OK]
   ... All required Envs correct
[3/6] Checking Required Files             [OK]
   ... Verified 'secret.key' with correct key string.
[4/6] Checking Port Availability          [OK]
   ... Port 15034 is available.
[5/6] Verifying Log Permission            [OK]
   ... Log directory is writable: /home/agent/agent-app/logs
[6/6] Verifying Mission Environment       [OK]
   ... MEMORY_LIMIT=512MB, CPU_MAX_OCCUPY=50%, MULTI_THREAD_ENABLE=False
------------------------------------------------------------
All Boot Checks Passed!
Agent READY
2026-07-13 21:41:44,937 [INFO] [SafetyGuard] Process priority lowered (nice=10).
2026-07-13 21:41:44,939 [INFO] Agent listening at port 15034

==================================================
 [ Agent Initiate ] Resource Check 
==================================================
 [ MEMORY ] Limit: 512MB 		[ OK ]
 [ CPU    ] Limit: 50%  		[ OK ]
 [ THREAD ] Concurrency: False 		[ OK ]
--------------------------------------------------
 >>> SYSTEM STATUS: STABLE. STARTING WORKLOAD MONITORING...
==================================================

2026-07-13 21:41:46,953 [INFO] >>> Scenario Selected: [Healthy System Monitoring]

>>> [SYSTEM] ALL CONFIGURATIONS OPTIMAL. RUNNING STABILITY TEST... <<<

2026-07-13 21:41:46,955 [INFO] [Scheduler] Task Scheduler Initialized.
2026-07-13 21:41:46,955 [INFO] [Scheduler] Registered Tasks: ['Thread-A', 'Thread-B', 'Thread-C']
2026-07-13 21:41:46,955 [INFO] [Scheduler] Starting task execution...
2026-07-13 21:41:46,956 [INFO] [Thread-A] Task Started. Calculating... (20%)
2026-07-13 21:41:47,009 [INFO] [Thread-A] Calculating... (40%)
2026-07-13 21:41:47,065 [INFO] [Thread-A] Preempted. Progress saved at (40%)
2026-07-13 21:41:47,121 [INFO] [Thread-B] Task Started. Calculating... (20%)
2026-07-13 21:41:47,176 [INFO] [Thread-B] Calculating... (40%)
2026-07-13 21:41:47,231 [INFO] [Thread-B] Preempted. Progress saved at (40%)
2026-07-13 21:41:47,283 [INFO] [Thread-C] Task Started. Calculating... (20%)
2026-07-13 21:41:47,334 [INFO] [Thread-C] Calculating... (40%)
2026-07-13 21:41:47,389 [INFO] [Thread-C] Preempted. Progress saved at (40%)
2026-07-13 21:41:47,444 [INFO] [Thread-A] Resumed. Calculating... (60%)
2026-07-13 21:41:47,500 [INFO] [Thread-A] Calculating... (80%)
2026-07-13 21:41:47,556 [INFO] [Thread-A] Preempted. Progress saved at (80%)
2026-07-13 21:41:47,612 [INFO] [Thread-B] Resumed. Calculating... (60%)
2026-07-13 21:41:47,667 [INFO] [Thread-B] Calculating... (80%)
2026-07-13 21:41:47,724 [INFO] [Thread-B] Preempted. Progress saved at (80%)
2026-07-13 21:41:47,777 [INFO] [Thread-C] Resumed. Calculating... (60%)
2026-07-13 21:41:47,830 [INFO] [Thread-C] Calculating... (80%)
2026-07-13 21:41:47,881 [INFO] [Thread-C] Preempted. Progress saved at (80%)
2026-07-13 21:41:47,933 [INFO] [Thread-A] Resumed. Calculating... (100%)
2026-07-13 21:41:47,986 [INFO] [Thread-B] Resumed. Calculating... (100%)
2026-07-13 21:41:48,038 [INFO] [Thread-C] Resumed. Calculating... (100%)
2026-07-13 21:41:48,094 [INFO] [Scheduler] All tasks completed.
2026-07-13 21:41:48,181 [INFO] [CpuWorker] Started. Maximum CPU Limit: 50%
2026-07-13 21:41:48,185 [INFO] [CpuWorker] Current Load: 5.00%
2026-07-13 21:41:48,186 [INFO] [MemoryWorker] Current Heap: 25MB
2026-07-13 21:41:51,217 [INFO] [MemoryWorker] Current Heap: 50MB
2026-07-13 21:41:51,307 [INFO] [CpuWorker] Current Load: 14.82%
2026-07-13 21:41:54,255 [INFO] [MemoryWorker] Current Heap: 75MB
2026-07-13 21:41:54,437 [INFO] [CpuWorker] Current Load: 21.93%
2026-07-13 21:41:57,292 [INFO] [MemoryWorker] Current Heap: 100MB
2026-07-13 21:41:57,565 [INFO] [CpuWorker] Current Load: 27.85%
2026-07-13 21:42:00,324 [INFO] [MemoryWorker] Current Heap: 125MB
2026-07-13 21:42:00,692 [INFO] [CpuWorker] Current Load: 34.95%
2026-07-13 21:42:03,352 [INFO] [MemoryWorker] Current Heap: 150MB
2026-07-13 21:42:03,823 [INFO] [CpuWorker] Current Load: 42.66%
2026-07-13 21:42:05,945 [INFO] [CpuWorker] Peak reached (50.00%). Starting cooldown...
2026-07-13 21:42:06,378 [INFO] [MemoryWorker] Current Heap: 175MB
2026-07-13 21:42:06,954 [INFO] [CpuWorker] Current Load: 50.00%
2026-07-13 21:42:09,406 [INFO] [MemoryWorker] Current Heap: 200MB
2026-07-13 21:42:10,079 [INFO] [CpuWorker] Current Load: 41.92%
2026-07-13 21:42:12,433 [INFO] [MemoryWorker] Current Heap: 225MB
2026-07-13 21:42:13,201 [INFO] [CpuWorker] Current Load: 36.09%
2026-07-13 21:42:15,466 [INFO] [MemoryWorker] Current Heap: 250MB
2026-07-13 21:42:16,332 [INFO] [CpuWorker] Current Load: 27.86%
2026-07-13 21:42:18,494 [INFO] [MemoryWorker] Current Heap: 275MB
2026-07-13 21:42:19,463 [INFO] [CpuWorker] Current Load: 27.81%
2026-07-13 21:42:21,518 [INFO] [MemoryWorker] Current Heap: 300MB
2026-07-13 21:42:22,592 [INFO] [CpuWorker] Current Load: 25.72%
2026-07-13 21:42:24,543 [INFO] [MemoryWorker] Current Heap: 325MB
2026-07-13 21:42:25,720 [INFO] [CpuWorker] Current Load: 16.23%
2026-07-13 21:42:27,580 [INFO] [MemoryWorker] Current Heap: 350MB
2026-07-13 21:42:28,848 [INFO] [CpuWorker] Current Load: 9.54%
2026-07-13 21:42:30,622 [INFO] [MemoryWorker] Current Heap: 375MB
2026-07-13 21:42:31,980 [INFO] [CpuWorker] Current Load: 8.57%
2026-07-13 21:42:33,650 [INFO] [MemoryWorker] Current Heap: 400MB
2026-07-13 21:42:34,097 [INFO] [CpuWorker] Cooldown complete (5.00%). Resuming load increase...
2026-07-13 21:42:35,107 [INFO] [CpuWorker] Current Load: 5.00%
2026-07-13 21:42:36,671 [INFO] [MemoryWorker] Current Heap: 425MB
2026-07-13 21:42:38,234 [INFO] [CpuWorker] Current Load: 10.76%
2026-07-13 21:42:39,707 [INFO] [MemoryWorker] Current Heap: 450MB
2026-07-13 21:42:41,362 [INFO] [CpuWorker] Current Load: 10.93%
2026-07-13 21:42:42,737 [INFO] [MemoryWorker] Current Heap: 475MB
2026-07-13 21:42:44,488 [INFO] [CpuWorker] Current Load: 17.20%
2026-07-13 21:42:45,775 [INFO] [MemoryWorker] Current Heap: 500MB
2026-07-13 21:42:47,614 [INFO] [CpuWorker] Current Load: 18.94%
2026-07-13 21:42:48,797 [INFO] [MemoryWorker] Current Heap: 525MB
2026-07-13 21:42:48,798 [WARNING] [MemoryWorker] Memory Usage Reached Limit (525MB). Starting cleanup...
2026-07-13 21:42:48,809 [INFO] [System] Memory Cache Flushed. Process Stabilized.

>>> [SYSTEM] MEMORY RECOVERED (Cache Cleared) <<<

2026-07-13 21:42:50,743 [INFO] [CpuWorker] Current Load: 24.71%
2026-07-13 21:42:53,844 [INFO] [MemoryWorker] Current Heap: 25MB
2026-07-13 21:42:53,872 [INFO] [CpuWorker] Current Load: 26.70%
2026-07-13 21:42:56,877 [INFO] [MemoryWorker] Current Heap: 50MB
2026-07-13 21:42:56,996 [INFO] [CpuWorker] Current Load: 27.69%
2026-07-13 21:42:59,903 [INFO] [MemoryWorker] Current Heap: 75MB
2026-07-13 21:43:00,116 [INFO] [CpuWorker] Current Load: 29.54%
