===================================================================================
[monitor.sh] START 2026-07-07 18:01:24.586
  pattern='agent-leak-app'  interval=1s  duration=75s(0=inf)
  warn: CPU>80%, RSS>400MB   (%CPU=/proc 기반 순간값, 1코어=100%)
-----------------------------------------------------------------------------------
TIMESTAMP                 | PID    | STAT | %CPU   | RSS(MB)  | THREADS | ELAPSED 
-----------------------------------------------------------------------------------
[monitor.sh] 관제 시작: PID=15898
2026-07-07 18:01:25.062   | 15898  | SN   | -      | 25       | 1       | 0s       
        └ thread TID=15898 STAT=SN CPU=23.2% WCHAN=do_select
2026-07-07 18:01:26.351   | 15898  | SN   | 0.0    | 25       | 1       | 1s       
        └ thread TID=15898 STAT=SN CPU=6.9% WCHAN=do_select
2026-07-07 18:01:27.636   | 15898  | SN   | 1.6    | 25       | 1       | 2s       
        └ thread TID=15898 STAT=SN CPU=4.7% WCHAN=do_select
2026-07-07 18:01:28.919   | 15898  | SNl  | 1.6    | 50       | 3       | 4s       
        └ thread TID=15898 STAT=SNl CPU=3.3% WCHAN=futex_wait
        └ thread TID=16027 STAT=SNl CPU=0.0% WCHAN=do_select
        └ thread TID=16028 STAT=SNl CPU=0.0% WCHAN=do_select
2026-07-07 18:01:30.251   | 15898  | SNl  | 0.0    | 50       | 3       | 5s       
        └ thread TID=15898 STAT=SNl CPU=2.6% WCHAN=futex_wait
        └ thread TID=16027 STAT=SNl CPU=0.0% WCHAN=do_select
        └ thread TID=16028 STAT=SNl CPU=0.0% WCHAN=do_select
2026-07-07 18:01:31.563   | 15898  | SNl  | 1.5    | 75       | 3       | 6s       
        └ thread TID=15898 STAT=SNl CPU=2.1% WCHAN=futex_wait
        └ thread TID=16027 STAT=SNl CPU=0.2% WCHAN=do_select
        └ thread TID=16028 STAT=SNl CPU=0.2% WCHAN=do_select
2026-07-07 18:01:32.886   | 15898  | SNl  | 0.0    | 75       | 3       | 8s       
        └ thread TID=15898 STAT=SNl CPU=1.7% WCHAN=futex_wait
        └ thread TID=16027 STAT=SNl CPU=0.1% WCHAN=do_select
        └ thread TID=16028 STAT=SNl CPU=0.1% WCHAN=do_select
2026-07-07 18:01:34.216   | 15898  | SNl  | 1.5    | 100      | 3       | 9s       
        └ thread TID=15898 STAT=SNl CPU=1.5% WCHAN=futex_wait
        └ thread TID=16027 STAT=SNl CPU=0.3% WCHAN=do_select
        └ thread TID=16028 STAT=SNl CPU=0.4% WCHAN=do_select
2026-07-07 18:01:35.565   | 15898  | SNl  | 0.0    | 100      | 3       | 10s      
        └ thread TID=15898 STAT=SNl CPU=1.3% WCHAN=futex_wait
        └ thread TID=16027 STAT=SNl CPU=0.2% WCHAN=do_select
        └ thread TID=16028 STAT=SNl CPU=0.3% WCHAN=do_select
2026-07-07 18:01:36.917   | 15898  | SNl  | 0.0    | 100      | 3       | 12s      
        └ thread TID=15898 STAT=SNl CPU=1.2% WCHAN=futex_wait
        └ thread TID=16027 STAT=SNl CPU=0.2% WCHAN=do_select
        └ thread TID=16028 STAT=SNl CPU=0.3% WCHAN=do_select
2026-07-07 18:01:38.263   | 15898  | SNl  | 2.2    | 125      | 3       | 13s      
        └ thread TID=15898 STAT=SNl CPU=1.0% WCHAN=futex_wait
        └ thread TID=16027 STAT=SNl CPU=0.1% WCHAN=do_select
        └ thread TID=16028 STAT=SNl CPU=0.4% WCHAN=do_select
2026-07-07 18:01:39.597   | 15898  | SNl  | 0.0    | 125      | 3       | 14s      
        └ thread TID=15898 STAT=SNl CPU=0.9% WCHAN=futex_wait
        └ thread TID=16027 STAT=SNl CPU=0.1% WCHAN=do_select
        └ thread TID=16028 STAT=SNl CPU=0.4% WCHAN=do_select
2026-07-07 18:01:40.948   | 15898  | SNl  | 3.0    | 150      | 3       | 16s      
        └ thread TID=15898 STAT=SNl CPU=0.9% WCHAN=futex_wait
        └ thread TID=16027 STAT=SNl CPU=0.1% WCHAN=do_select
        └ thread TID=16028 STAT=SNl CPU=0.6% WCHAN=do_select
2026-07-07 18:01:42.278   | 15898  | SNl  | 0.0    | 150      | 3       | 17s      
        └ thread TID=15898 STAT=SNl CPU=0.8% WCHAN=futex_wait
        └ thread TID=16027 STAT=SNl CPU=0.1% WCHAN=do_select
        └ thread TID=16028 STAT=SNl CPU=0.6% WCHAN=do_select
2026-07-07 18:01:43.608   | 15898  | SNl  | 3.8    | 175      | 3       | 18s      
        └ thread TID=15898 STAT=SNl CPU=0.7% WCHAN=futex_wait
        └ thread TID=16027 STAT=SNl CPU=0.3% WCHAN=do_select
        └ thread TID=16028 STAT=SNl CPU=0.7% WCHAN=do_select
2026-07-07 18:01:44.936   | 15898  | SNl  | 0.0    | 175      | 3       | 20s      
        └ thread TID=15898 STAT=SNl CPU=0.7% WCHAN=futex_wait
        └ thread TID=16027 STAT=SNl CPU=0.2% WCHAN=do_select
        └ thread TID=16028 STAT=SNl CPU=0.7% WCHAN=do_select
2026-07-07 18:01:46.273   | 15898  | SNl  | 0.7    | 200      | 3       | 21s      
        └ thread TID=15898 STAT=SNl CPU=0.6% WCHAN=futex_wait
        └ thread TID=16027 STAT=SNl CPU=0.2% WCHAN=do_select
        └ thread TID=16028 STAT=SNl CPU=0.6% WCHAN=do_select
2026-07-07 18:01:47.607   | 15898  | SNl  | 3.7    | 200      | 3       | 22s      
        └ thread TID=15898 STAT=SNl CPU=0.6% WCHAN=futex_wait
        └ thread TID=16027 STAT=SNl CPU=0.2% WCHAN=do_select
        └ thread TID=16028 STAT=SNl CPU=0.8% WCHAN=do_select
2026-07-07 18:01:48.953   | 15898  | SNl  | 0.0    | 200      | 3       | 24s      
        └ thread TID=15898 STAT=SNl CPU=0.6% WCHAN=futex_wait
        └ thread TID=16027 STAT=SNl CPU=0.2% WCHAN=do_select
        └ thread TID=16028 STAT=SNl CPU=0.8% WCHAN=do_select
2026-07-07 18:01:50.315   | 15898  | SNl  | 3.7    | 225      | 3       | 25s      
        └ thread TID=15898 STAT=SNl CPU=0.5% WCHAN=futex_wait
        └ thread TID=16027 STAT=SNl CPU=0.2% WCHAN=do_select
        └ thread TID=16028 STAT=SNl CPU=0.9% WCHAN=do_select
2026-07-07 18:01:51.663   | 15898  | SNl  | 0.0    | 225      | 3       | 26s      
        └ thread TID=15898 STAT=SNl CPU=0.5% WCHAN=futex_wait
        └ thread TID=16027 STAT=SNl CPU=0.2% WCHAN=do_select
        └ thread TID=16028 STAT=SNl CPU=0.9% WCHAN=do_select
2026-07-07 18:01:52.996   | 15898  | SNl  | 4.5    | 250      | 3       | 28s      
        └ thread TID=15898 STAT=SNl CPU=0.5% WCHAN=futex_wait
        └ thread TID=16027 STAT=SNl CPU=0.2% WCHAN=do_select
        └ thread TID=16028 STAT=SNl CPU=1.0% WCHAN=do_select
2026-07-07 18:01:54.326   | 15898  | SNl  | 0.0    | 250      | 3       | 29s      
        └ thread TID=15898 STAT=SNl CPU=0.5% WCHAN=futex_wait
        └ thread TID=16027 STAT=SNl CPU=0.2% WCHAN=do_select
        └ thread TID=16028 STAT=SNl CPU=1.0% WCHAN=do_select
2026-07-07 18:01:55.647   | 15898  | SNl  | 1.5    | 275      | 3       | 30s      
        └ thread TID=15898 STAT=SNl CPU=0.4% WCHAN=futex_wait
        └ thread TID=16027 STAT=SNl CPU=0.2% WCHAN=do_select
        └ thread TID=16028 STAT=SNl CPU=0.9% WCHAN=do_select
2026-07-07 18:01:56.963   | 15898  | SNl  | 3.0    | 275      | 3       | 32s      
        └ thread TID=15898 STAT=SNl CPU=0.4% WCHAN=futex_wait
        └ thread TID=16027 STAT=SNl CPU=0.2% WCHAN=do_select
        └ thread TID=16028 STAT=SNl CPU=1.0% WCHAN=do_select
2026-07-07 18:01:58.273   | 15898  | SNl  | 0.0    | 300      | 3       | 33s      
        └ thread TID=15898 STAT=SNl CPU=0.4% WCHAN=futex_wait
        └ thread TID=16027 STAT=SNl CPU=0.2% WCHAN=do_select
        └ thread TID=16028 STAT=SNl CPU=1.0% WCHAN=do_select
2026-07-07 18:01:59.588   | 15898  | SNl  | 3.0    | 300      | 3       | 34s      
        └ thread TID=15898 STAT=SNl CPU=0.4% WCHAN=futex_wait
        └ thread TID=16027 STAT=SNl CPU=0.2% WCHAN=do_select
        └ thread TID=16028 STAT=SNl CPU=1.1% WCHAN=do_select
2026-07-07 18:02:00.915   | 15898  | SNl  | 0.0    | 300      | 3       | 36s      
        └ thread TID=15898 STAT=SNl CPU=0.4% WCHAN=futex_wait
        └ thread TID=16027 STAT=SNl CPU=0.2% WCHAN=do_select
        └ thread TID=16028 STAT=SNl CPU=1.0% WCHAN=do_select
2026-07-07 18:02:02.251   | 15898  | SNl  | 0.8    | 325      | 3       | 37s      
        └ thread TID=15898 STAT=SNl CPU=0.3% WCHAN=futex_wait
        └ thread TID=16027 STAT=SNl CPU=0.2% WCHAN=do_select
        └ thread TID=16028 STAT=SNl CPU=1.1% WCHAN=do_select
2026-07-07 18:02:03.597   | 15898  | SNl  | 2.2    | 325      | 3       | 38s      
        └ thread TID=15898 STAT=SNl CPU=0.3% WCHAN=futex_wait
        └ thread TID=16027 STAT=SNl CPU=0.2% WCHAN=do_select
        └ thread TID=16028 STAT=SNl CPU=1.0% WCHAN=do_select
2026-07-07 18:02:04.925   | 15898  | SNl  | 0.8    | 350      | 3       | 40s      
        └ thread TID=15898 STAT=SNl CPU=0.3% WCHAN=futex_wait
        └ thread TID=16027 STAT=SNl CPU=0.2% WCHAN=do_select
        └ thread TID=16028 STAT=SNl CPU=1.0% WCHAN=do_select
2026-07-07 18:02:06.266   | 15898  | SNl  | 1.5    | 350      | 3       | 41s      
        └ thread TID=15898 STAT=SNl CPU=0.3% WCHAN=futex_wait
        └ thread TID=16027 STAT=SNl CPU=0.2% WCHAN=do_select
        └ thread TID=16028 STAT=SNl CPU=1.0% WCHAN=do_select
2026-07-07 18:02:07.610   | 15898  | SNl  | 1.5    | 375      | 3       | 42s      
        └ thread TID=15898 STAT=SNl CPU=0.3% WCHAN=futex_wait
        └ thread TID=16027 STAT=SNl CPU=0.3% WCHAN=do_select
        └ thread TID=16028 STAT=SNl CPU=1.0% WCHAN=do_select
2026-07-07 18:02:08.961   | 15898  | SNl  | 0.7    | 375      | 3       | 44s      
        └ thread TID=15898 STAT=SNl CPU=0.3% WCHAN=futex_wait
        └ thread TID=16027 STAT=SNl CPU=0.2% WCHAN=do_select
        └ thread TID=16028 STAT=SNl CPU=1.0% WCHAN=do_select
2026-07-07 18:02:10.286   | 15898  | SNl  | 0.8    | 375      | 3       | 45s      
        └ thread TID=15898 STAT=SNl CPU=0.3% WCHAN=futex_wait
        └ thread TID=16027 STAT=SNl CPU=0.3% WCHAN=do_select
        └ thread TID=16028 STAT=SNl CPU=0.9% WCHAN=do_select
2026-07-07 18:02:11.616   | 15898  | SNl  | 0.0    | 400      | 3       | 46s      [WARNING RSS>=400MB] 
        └ thread TID=15898 STAT=SNl CPU=0.3% WCHAN=futex_wait
        └ thread TID=16027 STAT=SNl CPU=0.2% WCHAN=do_select
        └ thread TID=16028 STAT=SNl CPU=0.9% WCHAN=do_select
2026-07-07 18:02:12.966   | 15898  | SNl  | 0.7    | 400      | 3       | 48s      [WARNING RSS>=400MB] 
        └ thread TID=15898 STAT=SNl CPU=0.3% WCHAN=futex_wait
        └ thread TID=16027 STAT=SNl CPU=0.2% WCHAN=do_select
        └ thread TID=16028 STAT=SNl CPU=0.9% WCHAN=do_select
2026-07-07 18:02:14.296   | 15898  | SNl  | 0.8    | 425      | 3       | 49s      [WARNING RSS>=400MB] 
        └ thread TID=15898 STAT=SNl CPU=0.3% WCHAN=futex_wait
        └ thread TID=16027 STAT=SNl CPU=0.3% WCHAN=do_select
        └ thread TID=16028 STAT=SNl CPU=0.9% WCHAN=do_select
2026-07-07 18:02:15.636   | 15898  | SNl  | 0.7    | 425      | 3       | 50s      [WARNING RSS>=400MB] 
        └ thread TID=15898 STAT=SNl CPU=0.2% WCHAN=futex_wait
        └ thread TID=16027 STAT=SNl CPU=0.2% WCHAN=do_select
        └ thread TID=16028 STAT=SNl CPU=0.9% WCHAN=do_select
2026-07-07 18:02:16.983   | 15898  | SNl  | 1.5    | 450      | 3       | 52s      [WARNING RSS>=400MB] 
        └ thread TID=15898 STAT=SNl CPU=0.2% WCHAN=futex_wait
        └ thread TID=16027 STAT=SNl CPU=0.2% WCHAN=do_select
        └ thread TID=16028 STAT=SNl CPU=0.8% WCHAN=do_select
2026-07-07 18:02:18.325   | 15898  | SNl  | 0.0    | 450      | 3       | 53s      [WARNING RSS>=400MB] 
        └ thread TID=15898 STAT=SNl CPU=0.2% WCHAN=futex_wait
        └ thread TID=16027 STAT=SNl CPU=0.2% WCHAN=do_select
        └ thread TID=16028 STAT=SNl CPU=0.8% WCHAN=do_select
2026-07-07 18:02:19.667   | 15898  | SNl  | 0.7    | 475      | 3       | 54s      [WARNING RSS>=400MB] 
        └ thread TID=15898 STAT=SNl CPU=0.2% WCHAN=futex_wait
        └ thread TID=16027 STAT=SNl CPU=0.2% WCHAN=do_select
        └ thread TID=16028 STAT=SNl CPU=0.8% WCHAN=do_select
2026-07-07 18:02:21.023   | 15898  | SNl  | 0.0    | 475      | 3       | 56s      [WARNING RSS>=400MB] 
        └ thread TID=15898 STAT=SNl CPU=0.2% WCHAN=futex_wait
        └ thread TID=16027 STAT=SNl CPU=0.2% WCHAN=do_select
        └ thread TID=16028 STAT=SNl CPU=0.8% WCHAN=do_select
2026-07-07 18:02:22.380   | 15898  | SNl  | 0.7    | 475      | 3       | 57s      [WARNING RSS>=400MB] 
        └ thread TID=15898 STAT=SNl CPU=0.2% WCHAN=futex_wait
        └ thread TID=16027 STAT=SNl CPU=0.2% WCHAN=do_select
        └ thread TID=16028 STAT=SNl CPU=0.8% WCHAN=do_select
2026-07-07 18:02:23.725   | 15898  | SNl  | 0.0    | 500      | 3       | 59s      [WARNING RSS>=400MB] 
        └ thread TID=15898 STAT=SNl CPU=0.2% WCHAN=futex_wait
        └ thread TID=16027 STAT=SNl CPU=0.2% WCHAN=do_select
        └ thread TID=16028 STAT=SNl CPU=0.8% WCHAN=do_select
2026-07-07 18:02:25.054   | 15898  | SNl  | 1.5    | 500      | 3       | 60s      [WARNING RSS>=400MB] 
        └ thread TID=15898 STAT=SNl CPU=0.2% WCHAN=futex_wait
        └ thread TID=16027 STAT=SNl CPU=0.2% WCHAN=do_select
        └ thread TID=16028 STAT=SNl CPU=0.8% WCHAN=do_select
2026-07-07 18:02:26.391   | 15898  | SNl  | 0.7    | 525      | 3       | 61s      [WARNING RSS>=400MB] 
        └ thread TID=15898 STAT=SNl CPU=0.2% WCHAN=futex_wait
        └ thread TID=16027 STAT=SNl CPU=0.2% WCHAN=do_select
        └ thread TID=16028 STAT=SNl CPU=0.8% WCHAN=do_select
2026-07-07 18:02:27.723   | 15898  | SNl  | 1.5    | 525      | 3       | 63s      [WARNING RSS>=400MB] 
        └ thread TID=15898 STAT=SNl CPU=0.2% WCHAN=futex_wait
        └ thread TID=16027 STAT=SNl CPU=0.2% WCHAN=do_select
        └ thread TID=16028 STAT=SNl CPU=0.8% WCHAN=do_select
2026-07-07 18:02:29.041   | 15898  | SNl  | 0.8    | 25       | 3       | 64s      
        └ thread TID=15898 STAT=SNl CPU=0.2% WCHAN=futex_wait
        └ thread TID=16027 STAT=SNl CPU=0.2% WCHAN=do_select
        └ thread TID=16028 STAT=SNl CPU=0.8% WCHAN=do_select
2026-07-07 18:02:30.404   | 15898  | SNl  | 0.0    | 25       | 3       | 65s      
        └ thread TID=15898 STAT=SNl CPU=0.2% WCHAN=futex_wait
        └ thread TID=16027 STAT=SNl CPU=0.2% WCHAN=do_select
        └ thread TID=16028 STAT=SNl CPU=0.8% WCHAN=do_select
2026-07-07 18:02:31.730   | 15898  | SNl  | 2.3    | 25       | 3       | 67s      
        └ thread TID=15898 STAT=SNl CPU=0.2% WCHAN=futex_wait
        └ thread TID=16027 STAT=SNl CPU=0.2% WCHAN=do_select
        └ thread TID=16028 STAT=SNl CPU=0.7% WCHAN=do_select
2026-07-07 18:02:33.053   | 15898  | SNl  | 0.0    | 25       | 3       | 68s      
        └ thread TID=15898 STAT=SNl CPU=0.2% WCHAN=futex_wait
        └ thread TID=16027 STAT=SNl CPU=0.2% WCHAN=do_select
        └ thread TID=16028 STAT=SNl CPU=0.7% WCHAN=do_select
2026-07-07 18:02:34.411   | 15898  | SNl  | 2.9    | 50       | 3       | 69s      
        └ thread TID=15898 STAT=SNl CPU=0.2% WCHAN=futex_wait
        └ thread TID=16027 STAT=SNl CPU=0.2% WCHAN=do_select
        └ thread TID=16028 STAT=SNl CPU=0.8% WCHAN=do_select
2026-07-07 18:02:35.753   | 15898  | SNl  | 0.0    | 50       | 3       | 71s      
        └ thread TID=15898 STAT=SNl CPU=0.2% WCHAN=futex_wait
        └ thread TID=16027 STAT=SNl CPU=0.2% WCHAN=do_select
        └ thread TID=16028 STAT=SNl CPU=0.8% WCHAN=do_select
2026-07-07 18:02:37.077   | 15898  | SNl  | 3.8    | 75       | 3       | 72s      
        └ thread TID=15898 STAT=SNl CPU=0.2% WCHAN=futex_wait
        └ thread TID=16027 STAT=SNl CPU=0.2% WCHAN=do_select
        └ thread TID=16028 STAT=SNl CPU=0.8% WCHAN=do_select
2026-07-07 18:02:38.431   | 15898  | SNl  | 0.0    | 75       | 3       | 73s      
        └ thread TID=15898 STAT=SNl CPU=0.2% WCHAN=futex_wait
        └ thread TID=16027 STAT=SNl CPU=0.2% WCHAN=do_select
        └ thread TID=16028 STAT=SNl CPU=0.8% WCHAN=do_select
[monitor.sh] 지정한 관측 시간(75s) 도달. 종료합니다.
[monitor.sh] STOP 2026-07-07 18:02:39.632
