>>> Starting Agent Boot Sequence...
[1/6] Checking User Account               [OK]
   ... Running as service user 'agent' (uid=1000)
[2/6] Verifying Environment Variables     [OK]
   ... All required Envs correct
[3/6] Checking Required Files             [OK]
   ... Verified 'secret.key' with correct key string.
[4/6] Checking Port Availability          [OK]
   ... Port 15034 is available.
[5/6] Verifying Log Permission            [OK]
   ... Log directory is writable: /home/agent/agent-app/logs
[6/6] Verifying Mission Environment       [OK]
   ... MEMORY_LIMIT=512MB, CPU_MAX_OCCUPY=50%, MULTI_THREAD_ENABLE=False
------------------------------------------------------------
All Boot Checks Passed!
Agent READY
2026-07-13 21:45:15,817 [INFO] [SafetyGuard] Process priority lowered (nice=10).
2026-07-13 21:45:15,819 [INFO] Agent listening at port 15034

==================================================
 [ Agent Initiate ] Resource Check
==================================================
 [ MEMORY ] Limit: 512MB 		[ OK ]
 [ CPU    ] Limit: 50%  		[ OK ]
 [ THREAD ] Concurrency: False 		[ OK ]
--------------------------------------------------
 >>> SYSTEM STATUS: STABLE. STARTING WORKLOAD MONITORING...
==================================================

2026-07-13 21:45:17,830 [INFO] >>> Scenario Selected: [Healthy System Monitoring]

>>> [SYSTEM] ALL CONFIGURATIONS OPTIMAL. RUNNING STABILITY TEST... <<<

2026-07-13 21:45:17,832 [INFO] [Scheduler] Task Scheduler Initialized.
2026-07-13 21:45:17,832 [INFO] [Scheduler] Registered Tasks: ['Thread-A', 'Thread-B', 'Thread-C']
2026-07-13 21:45:17,832 [INFO] [Scheduler] Starting task execution...
2026-07-13 21:45:17,833 [INFO] [Thread-A] Task Started. Calculating... (20%)
2026-07-13 21:45:17,888 [INFO] [Thread-A] Calculating... (40%)
2026-07-13 21:45:17,943 [INFO] [Thread-A] Preempted. Progress saved at (40%)
2026-07-13 21:45:17,999 [INFO] [Thread-B] Task Started. Calculating... (20%)
2026-07-13 21:45:18,055 [INFO] [Thread-B] Calculating... (40%)
2026-07-13 21:45:18,111 [INFO] [Thread-B] Preempted. Progress saved at (40%)
2026-07-13 21:45:18,167 [INFO] [Thread-C] Task Started. Calculating... (20%)
2026-07-13 21:45:18,221 [INFO] [Thread-C] Calculating... (40%)
2026-07-13 21:45:18,273 [INFO] [Thread-C] Preempted. Progress saved at (40%)
2026-07-13 21:45:18,329 [INFO] [Thread-A] Resumed. Calculating... (60%)
2026-07-13 21:45:18,385 [INFO] [Thread-A] Calculating... (80%)
2026-07-13 21:45:18,440 [INFO] [Thread-A] Preempted. Progress saved at (80%)
2026-07-13 21:45:18,492 [INFO] [Thread-B] Resumed. Calculating... (60%)
2026-07-13 21:45:18,549 [INFO] [Thread-B] Calculating... (80%)
2026-07-13 21:45:18,601 [INFO] [Thread-B] Preempted. Progress saved at (80%)
2026-07-13 21:45:18,657 [INFO] [Thread-C] Resumed. Calculating... (60%)
2026-07-13 21:45:18,707 [INFO] [Thread-C] Calculating... (80%)
2026-07-13 21:45:18,760 [INFO] [Thread-C] Preempted. Progress saved at (80%)
2026-07-13 21:45:18,816 [INFO] [Thread-A] Resumed. Calculating... (100%)
2026-07-13 21:45:18,868 [INFO] [Thread-B] Resumed. Calculating... (100%)
2026-07-13 21:45:18,923 [INFO] [Thread-C] Resumed. Calculating... (100%)
2026-07-13 21:45:18,979 [INFO] [Scheduler] All tasks completed.
2026-07-13 21:45:18,985 [INFO] [MemoryWorker] Current Heap: 25MB
2026-07-13 21:45:18,986 [INFO] [CpuWorker] Started. Maximum CPU Limit: 50%
2026-07-13 21:45:18,986 [INFO] [CpuWorker] Current Load: 5.00%
2026-07-13 21:45:22,019 [INFO] [MemoryWorker] Current Heap: 50MB
2026-07-13 21:45:22,120 [INFO] [CpuWorker] Current Load: 13.90%
2026-07-13 21:45:25,046 [INFO] [MemoryWorker] Current Heap: 75MB
2026-07-13 21:45:25,244 [INFO] [CpuWorker] Current Load: 16.42%
2026-07-13 21:45:28,077 [INFO] [MemoryWorker] Current Heap: 100MB
2026-07-13 21:45:28,368 [INFO] [CpuWorker] Current Load: 17.54%
2026-07-13 21:45:31,098 [INFO] [MemoryWorker] Current Heap: 125MB
2026-07-13 21:45:31,498 [INFO] [CpuWorker] Current Load: 22.37%
2026-07-13 21:45:34,123 [INFO] [MemoryWorker] Current Heap: 150MB
2026-07-13 21:45:34,627 [INFO] [CpuWorker] Current Load: 26.29%
2026-07-13 21:45:37,146 [INFO] [MemoryWorker] Current Heap: 175MB
2026-07-13 21:45:37,752 [INFO] [CpuWorker] Current Load: 33.44%
2026-07-13 21:45:40,174 [INFO] [MemoryWorker] Current Heap: 200MB
2026-07-13 21:45:40,879 [INFO] [CpuWorker] Current Load: 41.47%
2026-07-13 21:45:43,200 [INFO] [MemoryWorker] Current Heap: 225MB
2026-07-13 21:45:44,000 [INFO] [CpuWorker] Current Load: 43.73%
2026-07-13 21:45:46,220 [INFO] [MemoryWorker] Current Heap: 250MB
2026-07-13 21:45:47,120 [INFO] [CpuWorker] Current Load: 49.35%
2026-07-13 21:45:49,237 [INFO] [CpuWorker] Peak reached (50.00%). Starting cooldown...
2026-07-13 21:45:49,243 [INFO] [MemoryWorker] Current Heap: 275MB
2026-07-13 21:45:50,247 [INFO] [CpuWorker] Current Load: 50.00%
