===================================================================================
[monitor.sh] START 2026-07-13 21:45:15.755
  pattern='agent-leak-app'  interval=1s  duration=35s(0=inf)
  warn: CPU>80%, RSS>400MB   (%CPU=/proc 기반 순간값, 1코어=100%)
-----------------------------------------------------------------------------------
TIMESTAMP                 | PID    | STAT | %CPU   | RSS(MB)  | THREADS | ELAPSED
-----------------------------------------------------------------------------------
[monitor.sh] 관제 시작: PID=7184
2026-07-13 21:45:16.257   | 7184   | SN   | -      | 25       | 1       | 0s
        └ thread TID=7184 STAT=SN CPU=20.9% WCHAN=do_select
2026-07-13 21:45:17.590   | 7184   | SN   | 0.0    | 25       | 1       | 1s
        └ thread TID=7184 STAT=SN CPU=6.6% WCHAN=do_select
2026-07-13 21:45:18.916   | 7184   | SN   | 1.5    | 25       | 1       | 3s
        └ thread TID=7184 STAT=SN CPU=4.5% WCHAN=do_select
2026-07-13 21:45:20.244   | 7184   | SNl  | 0.8    | 50       | 3       | 4s
        └ thread TID=7184 STAT=SNl CPU=3.2% WCHAN=futex_wait
        └ thread TID=7316 STAT=SNl CPU=0.0% WCHAN=do_select
        └ thread TID=7317 STAT=SNl CPU=0.0% WCHAN=do_select
2026-07-13 21:45:21.600   | 7184   | SNl  | 0.0    | 50       | 3       | 5s
        └ thread TID=7184 STAT=SNl CPU=2.5% WCHAN=futex_wait
        └ thread TID=7316 STAT=SNl CPU=0.0% WCHAN=do_select
        └ thread TID=7317 STAT=SNl CPU=0.0% WCHAN=do_select
2026-07-13 21:45:22.955   | 7184   | SNl  | 2.2    | 75       | 3       | 7s
        └ thread TID=7184 STAT=SNl CPU=2.0% WCHAN=futex_wait
        └ thread TID=7316 STAT=SNl CPU=0.2% WCHAN=do_select
        └ thread TID=7317 STAT=SNl CPU=0.4% WCHAN=do_select
2026-07-13 21:45:24.310   | 7184   | SNl  | 0.0    | 75       | 3       | 8s
        └ thread TID=7184 STAT=SNl CPU=1.7% WCHAN=futex_wait
        └ thread TID=7316 STAT=SNl CPU=0.1% WCHAN=do_select
        └ thread TID=7317 STAT=SNl CPU=0.3% WCHAN=do_select
2026-07-13 21:45:25.683   | 7184   | SNl  | 2.2    | 100      | 3       | 9s
        └ thread TID=7184 STAT=SNl CPU=1.4% WCHAN=futex_wait
        └ thread TID=7316 STAT=SNl CPU=0.1% WCHAN=do_select
        └ thread TID=7317 STAT=SNl CPU=0.5% WCHAN=do_select
2026-07-13 21:45:27.072   | 7184   | SNl  | 0.0    | 100      | 3       | 11s
        └ thread TID=7184 STAT=SNl CPU=1.3% WCHAN=futex_wait
        └ thread TID=7316 STAT=SNl CPU=0.1% WCHAN=do_select
        └ thread TID=7317 STAT=SNl CPU=0.4% WCHAN=do_select
2026-07-13 21:45:28.452   | 7184   | SNl  | 2.2    | 125      | 3       | 12s
        └ thread TID=7184 STAT=SNl CPU=1.1% WCHAN=futex_wait
        └ thread TID=7316 STAT=SNl CPU=0.2% WCHAN=do_select
        └ thread TID=7317 STAT=SNl CPU=0.5% WCHAN=do_select
2026-07-13 21:45:29.836   | 7184   | SNl  | 0.0    | 125      | 3       | 13s
        └ thread TID=7184 STAT=SNl CPU=1.0% WCHAN=futex_wait
        └ thread TID=7316 STAT=SNl CPU=0.1% WCHAN=do_select
        └ thread TID=7317 STAT=SNl CPU=0.4% WCHAN=do_select
2026-07-13 21:45:31.225   | 7184   | SNl  | 0.0    | 125      | 3       | 15s
        └ thread TID=7184 STAT=SNl CPU=0.9% WCHAN=futex_wait
        └ thread TID=7316 STAT=SNl CPU=0.3% WCHAN=do_select
        └ thread TID=7317 STAT=SNl CPU=0.4% WCHAN=do_select
2026-07-13 21:45:32.604   | 7184   | SNl  | 1.5    | 150      | 3       | 16s
        └ thread TID=7184 STAT=SNl CPU=0.8% WCHAN=futex_wait
        └ thread TID=7316 STAT=SNl CPU=0.2% WCHAN=do_select
        └ thread TID=7317 STAT=SNl CPU=0.5% WCHAN=do_select
2026-07-13 21:45:33.989   | 7184   | SNl  | 0.0    | 150      | 3       | 18s
        └ thread TID=7184 STAT=SNl CPU=0.8% WCHAN=futex_wait
        └ thread TID=7316 STAT=SNl CPU=0.2% WCHAN=do_select
        └ thread TID=7317 STAT=SNl CPU=0.5% WCHAN=do_select
2026-07-13 21:45:35.365   | 7184   | SNl  | 2.9    | 175      | 3       | 19s
        └ thread TID=7184 STAT=SNl CPU=0.7% WCHAN=futex_wait
        └ thread TID=7316 STAT=SNl CPU=0.2% WCHAN=do_select
        └ thread TID=7317 STAT=SNl CPU=0.6% WCHAN=do_select
2026-07-13 21:45:36.755   | 7184   | SNl  | 0.0    | 175      | 3       | 20s
        └ thread TID=7184 STAT=SNl CPU=0.7% WCHAN=futex_wait
        └ thread TID=7316 STAT=SNl CPU=0.2% WCHAN=do_select
        └ thread TID=7317 STAT=SNl CPU=0.6% WCHAN=do_select
2026-07-13 21:45:38.122   | 7184   | SNl  | 2.2    | 200      | 3       | 22s
        └ thread TID=7184 STAT=SNl CPU=0.6% WCHAN=futex_wait
        └ thread TID=7316 STAT=SNl CPU=0.2% WCHAN=do_select
        └ thread TID=7317 STAT=SNl CPU=0.7% WCHAN=do_select
2026-07-13 21:45:39.516   | 7184   | SNl  | 0.0    | 200      | 3       | 23s
        └ thread TID=7184 STAT=SNl CPU=0.6% WCHAN=futex_wait
        └ thread TID=7316 STAT=SNl CPU=0.1% WCHAN=do_select
        └ thread TID=7317 STAT=SNl CPU=0.6% WCHAN=do_select
2026-07-13 21:45:40.870   | 7184   | SNl  | 1.5    | 225      | 3       | 25s
        └ thread TID=7184 STAT=SNl CPU=0.5% WCHAN=futex_wait
        └ thread TID=7316 STAT=SNl CPU=0.2% WCHAN=do_select
        └ thread TID=7317 STAT=RNl CPU=0.8% WCHAN=-
2026-07-13 21:45:42.221   | 7184   | SNl  | 3.0    | 225      | 3       | 26s
        └ thread TID=7184 STAT=SNl CPU=0.5% WCHAN=futex_wait
        └ thread TID=7316 STAT=SNl CPU=0.2% WCHAN=do_select
        └ thread TID=7317 STAT=SNl CPU=0.7% WCHAN=do_select
2026-07-13 21:45:43.578   | 7184   | SNl  | 0.7    | 250      | 3       | 27s
        └ thread TID=7184 STAT=SNl CPU=0.5% WCHAN=futex_wait
        └ thread TID=7316 STAT=SNl CPU=0.2% WCHAN=do_select
        └ thread TID=7317 STAT=SNl CPU=0.7% WCHAN=do_select
2026-07-13 21:45:44.940   | 7184   | SNl  | 2.9    | 250      | 3       | 29s
        └ thread TID=7184 STAT=SNl CPU=0.5% WCHAN=futex_wait
        └ thread TID=7316 STAT=SNl CPU=0.2% WCHAN=do_select
        └ thread TID=7317 STAT=SNl CPU=0.8% WCHAN=do_select
2026-07-13 21:45:46.310   | 7184   | SNl  | 0.7    | 250      | 3       | 30s
        └ thread TID=7184 STAT=SNl CPU=0.4% WCHAN=futex_wait
        └ thread TID=7316 STAT=SNl CPU=0.2% WCHAN=do_select
        └ thread TID=7317 STAT=SNl CPU=0.8% WCHAN=do_select
2026-07-13 21:45:47.689   | 7184   | SNl  | 3.6    | 275      | 3       | 31s
        └ thread TID=7184 STAT=SNl CPU=0.4% WCHAN=futex_wait
        └ thread TID=7316 STAT=SNl CPU=0.2% WCHAN=do_select
        └ thread TID=7317 STAT=SNl CPU=0.9% WCHAN=do_select
2026-07-13 21:45:49.072   | 7184   | SNl  | 0.0    | 275      | 3       | 33s
        └ thread TID=7184 STAT=SNl CPU=0.4% WCHAN=futex_wait
        └ thread TID=7316 STAT=SNl CPU=0.2% WCHAN=do_select
        └ thread TID=7317 STAT=SNl CPU=0.9% WCHAN=do_select
[monitor.sh] 지정한 관측 시간(35s) 도달. 종료합니다.
[monitor.sh] STOP 2026-07-13 21:45:50.264
