>>> Starting Agent Boot Sequence...
[1/6] Checking User Account               [OK]
   ... Running as service user 'agent' (uid=1000)
[2/6] Verifying Environment Variables     [OK]
   ... All required Envs correct
[3/6] Checking Required Files             [OK]
   ... Verified 'secret.key' with correct key string.
[4/6] Checking Port Availability          [OK]
   ... Port 15034 is available.
[5/6] Verifying Log Permission            [OK]
   ... Log directory is writable: /home/agent/agent-app/logs
[6/6] Verifying Mission Environment       [OK]
   ... MEMORY_LIMIT=512MB, CPU_MAX_OCCUPY=40%, MULTI_THREAD_ENABLE=False
------------------------------------------------------------
All Boot Checks Passed!
Agent READY
2026-07-07 17:56:04,366 [INFO] [SafetyGuard] Process priority lowered (nice=10).
2026-07-07 17:56:04,367 [INFO] Agent listening at port 15034

==================================================
 [ Agent Initiate ] Resource Check 
==================================================
 [ MEMORY ] Limit: 512MB 		[ OK ]
 [ CPU    ] Limit: 40%  		[ OK ]
 [ THREAD ] Concurrency: False 		[ OK ]
--------------------------------------------------
 >>> SYSTEM STATUS: STABLE. STARTING WORKLOAD MONITORING...
==================================================

2026-07-07 17:56:06,383 [INFO] >>> Scenario Selected: [Healthy System Monitoring]

>>> [SYSTEM] ALL CONFIGURATIONS OPTIMAL. RUNNING STABILITY TEST... <<<

2026-07-07 17:56:06,388 [INFO] [Scheduler] Task Scheduler Initialized.
2026-07-07 17:56:06,389 [INFO] [Scheduler] Registered Tasks: ['Thread-A', 'Thread-B', 'Thread-C']
2026-07-07 17:56:06,389 [INFO] [Scheduler] Starting task execution...
2026-07-07 17:56:06,390 [INFO] [Thread-A] Task Started. Calculating... (20%)
2026-07-07 17:56:06,444 [INFO] [Thread-A] Calculating... (40%)
2026-07-07 17:56:06,497 [INFO] [Thread-A] Preempted. Progress saved at (40%)
2026-07-07 17:56:06,551 [INFO] [Thread-B] Task Started. Calculating... (20%)
2026-07-07 17:56:06,608 [INFO] [Thread-B] Calculating... (40%)
2026-07-07 17:56:06,665 [INFO] [Thread-B] Preempted. Progress saved at (40%)
2026-07-07 17:56:06,723 [INFO] [Thread-C] Task Started. Calculating... (20%)
2026-07-07 17:56:06,778 [INFO] [Thread-C] Calculating... (40%)
2026-07-07 17:56:06,831 [INFO] [Thread-C] Preempted. Progress saved at (40%)
2026-07-07 17:56:06,887 [INFO] [Thread-A] Resumed. Calculating... (60%)
2026-07-07 17:56:06,942 [INFO] [Thread-A] Calculating... (80%)
2026-07-07 17:56:06,995 [INFO] [Thread-A] Preempted. Progress saved at (80%)
2026-07-07 17:56:07,051 [INFO] [Thread-B] Resumed. Calculating... (60%)
2026-07-07 17:56:07,104 [INFO] [Thread-B] Calculating... (80%)
2026-07-07 17:56:07,159 [INFO] [Thread-B] Preempted. Progress saved at (80%)
2026-07-07 17:56:07,209 [INFO] [Thread-C] Resumed. Calculating... (60%)
2026-07-07 17:56:07,260 [INFO] [Thread-C] Calculating... (80%)
2026-07-07 17:56:07,315 [INFO] [Thread-C] Preempted. Progress saved at (80%)
2026-07-07 17:56:07,367 [INFO] [Thread-A] Resumed. Calculating... (100%)
2026-07-07 17:56:07,421 [INFO] [Thread-B] Resumed. Calculating... (100%)
2026-07-07 17:56:07,477 [INFO] [Thread-C] Resumed. Calculating... (100%)
2026-07-07 17:56:07,532 [INFO] [Scheduler] All tasks completed.
2026-07-07 17:56:07,541 [INFO] [MemoryWorker] Current Heap: 25MB
2026-07-07 17:56:07,541 [INFO] [CpuWorker] Started. Maximum CPU Limit: 40%
2026-07-07 17:56:07,542 [INFO] [CpuWorker] Current Load: 5.00%
2026-07-07 17:56:10,573 [INFO] [MemoryWorker] Current Heap: 50MB
2026-07-07 17:56:10,667 [INFO] [CpuWorker] Current Load: 8.94%
2026-07-07 17:56:13,602 [INFO] [MemoryWorker] Current Heap: 75MB
2026-07-07 17:56:13,799 [INFO] [CpuWorker] Current Load: 9.14%
2026-07-07 17:56:16,622 [INFO] [MemoryWorker] Current Heap: 100MB
2026-07-07 17:56:16,931 [INFO] [CpuWorker] Current Load: 14.03%
2026-07-07 17:56:19,648 [INFO] [MemoryWorker] Current Heap: 125MB
2026-07-07 17:56:20,063 [INFO] [CpuWorker] Current Load: 19.20%
2026-07-07 17:56:22,682 [INFO] [MemoryWorker] Current Heap: 150MB
2026-07-07 17:56:23,191 [INFO] [CpuWorker] Current Load: 24.63%
2026-07-07 17:56:25,715 [INFO] [MemoryWorker] Current Heap: 175MB
2026-07-07 17:56:26,323 [INFO] [CpuWorker] Current Load: 31.59%
2026-07-07 17:56:28,738 [INFO] [MemoryWorker] Current Heap: 200MB
2026-07-07 17:56:29,454 [INFO] [CpuWorker] Current Load: 31.73%
2026-07-07 17:56:31,757 [INFO] [MemoryWorker] Current Heap: 225MB
2026-07-07 17:56:32,578 [INFO] [CpuWorker] Current Load: 36.66%
2026-07-07 17:56:34,700 [INFO] [CpuWorker] Peak reached (40.00%). Starting cooldown...
2026-07-07 17:56:34,789 [INFO] [MemoryWorker] Current Heap: 250MB
2026-07-07 17:56:35,711 [INFO] [CpuWorker] Current Load: 40.00%
2026-07-07 17:56:37,814 [INFO] [MemoryWorker] Current Heap: 275MB
2026-07-07 17:56:38,842 [INFO] [CpuWorker] Current Load: 35.57%
2026-07-07 17:56:40,835 [INFO] [MemoryWorker] Current Heap: 300MB
2026-07-07 17:56:41,971 [INFO] [CpuWorker] Current Load: 27.42%
2026-07-07 17:56:43,867 [INFO] [MemoryWorker] Current Heap: 325MB
2026-07-07 17:56:45,098 [INFO] [CpuWorker] Current Load: 22.81%
2026-07-07 17:56:46,898 [INFO] [MemoryWorker] Current Heap: 350MB
2026-07-07 17:56:48,230 [INFO] [CpuWorker] Current Load: 15.52%
2026-07-07 17:56:49,929 [INFO] [MemoryWorker] Current Heap: 375MB
