===================================================================================
[monitor.sh] START 2026-07-07 17:56:04.278
  pattern='agent-leak-app'  interval=1s  duration=45s(0=inf)
  warn: CPU>80%, RSS>400MB   (%CPU=/proc 기반 순간값, 1코어=100%)
-----------------------------------------------------------------------------------
TIMESTAMP                 | PID    | STAT | %CPU   | RSS(MB)  | THREADS | ELAPSED 
-----------------------------------------------------------------------------------
[monitor.sh] 관제 시작: PID=14093
2026-07-07 17:56:04.741   | 14093  | SN   | -      | 25       | 1       | 0s       
        └ thread TID=14093 STAT=SN CPU=23.6% WCHAN=do_select
2026-07-07 17:56:06.059   | 14093  | SN   | 0.0    | 25       | 1       | 1s       
        └ thread TID=14093 STAT=SN CPU=6.9% WCHAN=do_select
2026-07-07 17:56:07.381   | 14093  | SN   | 1.5    | 25       | 1       | 3s       
        └ thread TID=14093 STAT=SN CPU=4.7% WCHAN=do_select
2026-07-07 17:56:08.699   | 14093  | SNl  | 0.8    | 50       | 3       | 4s       
        └ thread TID=14093 STAT=SNl CPU=3.5% WCHAN=futex_wait
        └ thread TID=14222 STAT=SNl CPU=0.0% WCHAN=do_select
        └ thread TID=14223 STAT=SNl CPU=0.0% WCHAN=do_select
2026-07-07 17:56:10.072   | 14093  | SNl  | 0.7    | 50       | 3       | 5s       
        └ thread TID=14093 STAT=SNl CPU=2.7% WCHAN=futex_wait
        └ thread TID=14222 STAT=SNl CPU=0.0% WCHAN=do_select
        └ thread TID=14223 STAT=SNl CPU=0.0% WCHAN=do_select
2026-07-07 17:56:11.387   | 14093  | SNl  | 1.5    | 75       | 3       | 7s       
        └ thread TID=14093 STAT=SNl CPU=2.2% WCHAN=futex_wait
        └ thread TID=14222 STAT=SNl CPU=0.2% WCHAN=do_select
        └ thread TID=14223 STAT=SNl CPU=0.2% WCHAN=do_select
2026-07-07 17:56:12.718   | 14093  | SNl  | 0.0    | 75       | 3       | 8s       
        └ thread TID=14093 STAT=SNl CPU=1.8% WCHAN=futex_wait
        └ thread TID=14222 STAT=SNl CPU=0.1% WCHAN=do_select
        └ thread TID=14223 STAT=SNl CPU=0.1% WCHAN=do_select
2026-07-07 17:56:14.065   | 14093  | SNl  | 1.5    | 100      | 3       | 9s       
        └ thread TID=14093 STAT=SNl CPU=1.6% WCHAN=futex_wait
        └ thread TID=14222 STAT=SNl CPU=0.3% WCHAN=do_select
        └ thread TID=14223 STAT=SNl CPU=0.3% WCHAN=do_select
2026-07-07 17:56:15.414   | 14093  | SNl  | 0.0    | 100      | 3       | 11s      
        └ thread TID=14093 STAT=SNl CPU=1.4% WCHAN=futex_wait
        └ thread TID=14222 STAT=SNl CPU=0.2% WCHAN=do_select
        └ thread TID=14223 STAT=SNl CPU=0.2% WCHAN=do_select
2026-07-07 17:56:16.762   | 14093  | SNl  | 0.0    | 100      | 3       | 12s      
        └ thread TID=14093 STAT=SNl CPU=1.2% WCHAN=futex_wait
        └ thread TID=14222 STAT=SNl CPU=0.2% WCHAN=do_select
        └ thread TID=14223 STAT=SNl CPU=0.2% WCHAN=do_select
2026-07-07 17:56:18.113   | 14093  | SNl  | 1.5    | 125      | 3       | 13s      
        └ thread TID=14093 STAT=SNl CPU=1.1% WCHAN=futex_wait
        └ thread TID=14222 STAT=SNl CPU=0.1% WCHAN=do_select
        └ thread TID=14223 STAT=SNl CPU=0.3% WCHAN=do_select
2026-07-07 17:56:19.465   | 14093  | SNl  | 0.0    | 125      | 3       | 15s      
        └ thread TID=14093 STAT=SNl CPU=1.0% WCHAN=futex_wait
        └ thread TID=14222 STAT=SNl CPU=0.1% WCHAN=do_select
        └ thread TID=14223 STAT=SNl CPU=0.3% WCHAN=do_select
2026-07-07 17:56:20.817   | 14093  | SNl  | 2.2    | 150      | 3       | 16s      
        └ thread TID=14093 STAT=SNl CPU=0.9% WCHAN=futex_wait
        └ thread TID=14222 STAT=SNl CPU=0.2% WCHAN=do_select
        └ thread TID=14223 STAT=SNl CPU=0.4% WCHAN=do_select
2026-07-07 17:56:22.175   | 14093  | SNl  | 0.0    | 150      | 3       | 17s      
        └ thread TID=14093 STAT=SNl CPU=0.8% WCHAN=futex_wait
        └ thread TID=14222 STAT=SNl CPU=0.2% WCHAN=do_select
        └ thread TID=14223 STAT=SNl CPU=0.4% WCHAN=do_select
2026-07-07 17:56:23.523   | 14093  | SNl  | 3.0    | 175      | 3       | 19s      
        └ thread TID=14093 STAT=SNl CPU=0.8% WCHAN=futex_wait
        └ thread TID=14222 STAT=SNl CPU=0.3% WCHAN=do_select
        └ thread TID=14223 STAT=SNl CPU=0.4% WCHAN=do_select
2026-07-07 17:56:24.835   | 14093  | SNl  | 0.0    | 175      | 3       | 20s      
        └ thread TID=14093 STAT=SNl CPU=0.7% WCHAN=futex_wait
        └ thread TID=14222 STAT=SNl CPU=0.2% WCHAN=do_select
        └ thread TID=14223 STAT=SNl CPU=0.4% WCHAN=do_select
2026-07-07 17:56:26.146   | 14093  | SNl  | 0.8    | 200      | 3       | 21s      
        └ thread TID=14093 STAT=SNl CPU=0.7% WCHAN=futex_wait
        └ thread TID=14222 STAT=SNl CPU=0.3% WCHAN=do_select
        └ thread TID=14223 STAT=SNl CPU=0.4% WCHAN=do_select
2026-07-07 17:56:27.495   | 14093  | SNl  | 2.2    | 200      | 3       | 23s      
        └ thread TID=14093 STAT=SNl CPU=0.6% WCHAN=futex_wait
        └ thread TID=14222 STAT=SNl CPU=0.3% WCHAN=do_select
        └ thread TID=14223 STAT=SNl CPU=0.6% WCHAN=do_select
2026-07-07 17:56:28.842   | 14093  | SNl  | 0.7    | 200      | 3       | 24s      
        └ thread TID=14093 STAT=SNl CPU=0.6% WCHAN=futex_wait
        └ thread TID=14222 STAT=SNl CPU=0.2% WCHAN=do_select
        └ thread TID=14223 STAT=SNl CPU=0.5% WCHAN=do_select
2026-07-07 17:56:30.183   | 14093  | SNl  | 2.2    | 225      | 3       | 25s      
        └ thread TID=14093 STAT=SNl CPU=0.6% WCHAN=futex_wait
        └ thread TID=14222 STAT=SNl CPU=0.2% WCHAN=do_select
        └ thread TID=14223 STAT=SNl CPU=0.6% WCHAN=do_select
2026-07-07 17:56:31.533   | 14093  | SNl  | 0.0    | 225      | 3       | 27s      
        └ thread TID=14093 STAT=SNl CPU=0.5% WCHAN=futex_wait
        └ thread TID=14222 STAT=SNl CPU=0.2% WCHAN=do_select
        └ thread TID=14223 STAT=SNl CPU=0.6% WCHAN=do_select
2026-07-07 17:56:32.863   | 14093  | SNl  | 3.8    | 250      | 3       | 28s      
        └ thread TID=14093 STAT=SNl CPU=0.5% WCHAN=futex_wait
        └ thread TID=14222 STAT=SNl CPU=0.2% WCHAN=do_select
        └ thread TID=14223 STAT=SNl CPU=0.7% WCHAN=do_select
2026-07-07 17:56:34.209   | 14093  | SNl  | 0.0    | 250      | 3       | 29s      
        └ thread TID=14093 STAT=SNl CPU=0.5% WCHAN=futex_wait
        └ thread TID=14222 STAT=SNl CPU=0.2% WCHAN=do_select
        └ thread TID=14223 STAT=SNl CPU=0.7% WCHAN=do_select
2026-07-07 17:56:35.563   | 14093  | SNl  | 1.5    | 275      | 3       | 31s      
        └ thread TID=14093 STAT=SNl CPU=0.5% WCHAN=futex_wait
        └ thread TID=14222 STAT=SNl CPU=0.3% WCHAN=do_select
        └ thread TID=14223 STAT=SNl CPU=0.6% WCHAN=do_select
2026-07-07 17:56:36.872   | 14093  | SNl  | 3.1    | 275      | 3       | 32s      
        └ thread TID=14093 STAT=SNl CPU=0.4% WCHAN=futex_wait
        └ thread TID=14222 STAT=SNl CPU=0.3% WCHAN=do_select
        └ thread TID=14223 STAT=SNl CPU=0.7% WCHAN=do_select
2026-07-07 17:56:38.194   | 14093  | SNl  | 0.0    | 300      | 3       | 33s      
        └ thread TID=14093 STAT=SNl CPU=0.4% WCHAN=futex_wait
        └ thread TID=14222 STAT=SNl CPU=0.2% WCHAN=do_select
        └ thread TID=14223 STAT=SNl CPU=0.7% WCHAN=do_select
2026-07-07 17:56:39.525   | 14093  | SNl  | 3.0    | 300      | 3       | 35s      
        └ thread TID=14093 STAT=SNl CPU=0.4% WCHAN=futex_wait
        └ thread TID=14222 STAT=SNl CPU=0.2% WCHAN=do_select
        └ thread TID=14223 STAT=SNl CPU=0.8% WCHAN=do_select
2026-07-07 17:56:40.873   | 14093  | SNl  | 0.0    | 300      | 3       | 36s      
        └ thread TID=14093 STAT=SNl CPU=0.4% WCHAN=futex_wait
        └ thread TID=14222 STAT=SNl CPU=0.2% WCHAN=do_select
        └ thread TID=14223 STAT=SNl CPU=0.8% WCHAN=do_select
2026-07-07 17:56:42.213   | 14093  | SNl  | 3.0    | 325      | 3       | 37s      
        └ thread TID=14093 STAT=SNl CPU=0.4% WCHAN=futex_wait
        └ thread TID=14222 STAT=SNl CPU=0.2% WCHAN=do_select
        └ thread TID=14223 STAT=SNl CPU=0.8% WCHAN=do_select
2026-07-07 17:56:43.555   | 14093  | SNl  | 0.0    | 325      | 3       | 39s      
        └ thread TID=14093 STAT=SNl CPU=0.4% WCHAN=futex_wait
        └ thread TID=14222 STAT=SNl CPU=0.2% WCHAN=do_select
        └ thread TID=14223 STAT=SNl CPU=0.8% WCHAN=do_select
2026-07-07 17:56:44.901   | 14093  | SNl  | 0.7    | 350      | 3       | 40s      
        └ thread TID=14093 STAT=SNl CPU=0.3% WCHAN=futex_wait
        └ thread TID=14222 STAT=SNl CPU=0.2% WCHAN=do_select
        └ thread TID=14223 STAT=SNl CPU=0.7% WCHAN=do_select
2026-07-07 17:56:46.254   | 14093  | SNl  | 1.5    | 350      | 3       | 41s      
        └ thread TID=14093 STAT=SNl CPU=0.3% WCHAN=futex_wait
        └ thread TID=14222 STAT=SNl CPU=0.2% WCHAN=do_select
        └ thread TID=14223 STAT=SNl CPU=0.8% WCHAN=do_select
2026-07-07 17:56:47.601   | 14093  | SNl  | 0.7    | 375      | 3       | 43s      
        └ thread TID=14093 STAT=SNl CPU=0.3% WCHAN=futex_wait
        └ thread TID=14222 STAT=SNl CPU=0.2% WCHAN=do_select
        └ thread TID=14223 STAT=SNl CPU=0.7% WCHAN=do_select
2026-07-07 17:56:48.948   | 14093  | SNl  | 1.5    | 375      | 3       | 44s      
        └ thread TID=14093 STAT=SNl CPU=0.3% WCHAN=futex_wait
        └ thread TID=14222 STAT=SNl CPU=0.2% WCHAN=do_select
        └ thread TID=14223 STAT=SNl CPU=0.7% WCHAN=do_select
[monitor.sh] 지정한 관측 시간(45s) 도달. 종료합니다.
[monitor.sh] STOP 2026-07-07 17:56:50.141
