===================================================================================
[monitor.sh] START 2026-07-07 18:01:04.498
  pattern='agent-leak-app'  interval=1s  duration=40s(0=inf)
  warn: CPU>80%, RSS>400MB   (%CPU=/proc 기반 순간값, 1코어=100%)
-----------------------------------------------------------------------------------
TIMESTAMP                 | PID    | STAT | %CPU   | RSS(MB)  | THREADS | ELAPSED 
-----------------------------------------------------------------------------------
[monitor.sh] 관제 시작: PID=15395
2026-07-07 18:01:04.974   | 15395  | SN   | -      | 25       | 1       | 0s       
        └ thread TID=15395 STAT=SN CPU=23.2% WCHAN=do_select
2026-07-07 18:01:06.269   | 15395  | SN   | 0.0    | 25       | 1       | 1s       
        └ thread TID=15395 STAT=SN CPU=7.0% WCHAN=do_select
2026-07-07 18:01:07.590   | 15395  | SN   | 1.5    | 50       | 1       | 2s       
        └ thread TID=15395 STAT=SN CPU=4.7% WCHAN=do_select
2026-07-07 18:01:08.921   | 15395  | SN   | 0.0    | 50       | 1       | 4s       
        └ thread TID=15395 STAT=SN CPU=3.3% WCHAN=do_select
2026-07-07 18:01:10.262   | 15395  | SN   | 0.7    | 75       | 1       | 5s       
        └ thread TID=15395 STAT=SN CPU=2.7% WCHAN=do_select
2026-07-07 18:01:11.592   | 15395  | SN   | 0.0    | 75       | 1       | 6s       
        └ thread TID=15395 STAT=SN CPU=2.2% WCHAN=do_select
2026-07-07 18:01:12.879   | 15395  | SN   | 0.0    | 100      | 1       | 8s       
        └ thread TID=15395 STAT=SN CPU=1.8% WCHAN=do_select
2026-07-07 18:01:14.186   | 15395  | SN   | 0.0    | 100      | 1       | 9s       
        └ thread TID=15395 STAT=SN CPU=1.6% WCHAN=do_select
2026-07-07 18:01:15.514   | 15395  | SN   | 0.0    | 100      | 1       | 10s      
        └ thread TID=15395 STAT=SN CPU=1.4% WCHAN=do_select
2026-07-07 18:01:16.823   | 15395  | SN   | 0.0    | 125      | 1       | 12s      
        └ thread TID=15395 STAT=SN CPU=1.2% WCHAN=do_select
2026-07-07 18:01:18.117   | 15395  | SN   | 0.0    | 125      | 1       | 13s      
        └ thread TID=15395 STAT=SN CPU=1.1% WCHAN=do_select
2026-07-07 18:01:19.450   | 15395  | SN   | 1.5    | 150      | 1       | 14s      
        └ thread TID=15395 STAT=SN CPU=1.1% WCHAN=do_select
2026-07-07 18:01:20.763   | 15395  | SN   | 0.0    | 150      | 1       | 16s      
        └ thread TID=15395 STAT=SN CPU=1.1% WCHAN=do_select
[monitor.sh] 2026-07-07 18:01:21.970 PID=15395 프로세스 없음 (종료/소멸 추정). 대기 1/3
[monitor.sh] 2026-07-07 18:01:23.144 PID=15395 프로세스 없음 (종료/소멸 추정). 대기 2/3
[monitor.sh] 2026-07-07 18:01:24.320 PID=15395 프로세스 없음 (종료/소멸 추정). 대기 3/3
[monitor.sh] 대상 프로세스가 사라졌습니다. 관제를 종료합니다.
[monitor.sh] STOP 2026-07-07 18:01:24.370
