===================================================================================
[monitor.sh] START 2026-07-13 21:45:54.357
  pattern='agent-leak-app'  interval=1s  duration=35s(0=inf)
  warn: CPU>80%, RSS>400MB   (%CPU=/proc 기반 순간값, 1코어=100%)
-----------------------------------------------------------------------------------
TIMESTAMP                 | PID    | STAT | %CPU   | RSS(MB)  | THREADS | ELAPSED
-----------------------------------------------------------------------------------
[monitor.sh] 관제 시작: PID=8176
2026-07-13 21:45:54.855   | 8176   | SN   | -      | 25       | 1       | 0s
        └ thread TID=8176 STAT=SN CPU=20.9% WCHAN=do_select
2026-07-13 21:45:56.207   | 8176   | SN   | 0.0    | 25       | 1       | 1s
        └ thread TID=8176 STAT=SN CPU=6.5% WCHAN=do_select
2026-07-13 21:45:57.556   | 8176   | SN   | 0.7    | 25       | 1       | 3s
        └ thread TID=8176 STAT=SNl CPU=4.2% WCHAN=futex_wait
        └ thread TID=8305 STAT=SNl CPU=0.0% WCHAN=do_select
        └ thread TID=8306 STAT=SNl CPU=0.0% WCHAN=do_select
2026-07-13 21:45:58.934   | 8176   | SNl  | 0.7    | 50       | 3       | 4s
        └ thread TID=8176 STAT=SNl CPU=2.9% WCHAN=futex_wait
        └ thread TID=8305 STAT=SNl CPU=0.0% WCHAN=do_select
        └ thread TID=8306 STAT=SNl CPU=0.0% WCHAN=do_select
2026-07-13 21:46:00.313   | 8176   | SNl  | 0.7    | 50       | 3       | 5s
        └ thread TID=8176 STAT=SNl CPU=2.3% WCHAN=futex_wait
        └ thread TID=8305 STAT=SNl CPU=0.0% WCHAN=do_select
        └ thread TID=8306 STAT=SNl CPU=0.0% WCHAN=do_select
2026-07-13 21:46:01.697   | 8176   | SNl  | 1.4    | 75       | 3       | 7s
        └ thread TID=8176 STAT=SNl CPU=1.8% WCHAN=futex_wait
        └ thread TID=8305 STAT=SNl CPU=0.2% WCHAN=do_select
        └ thread TID=8306 STAT=SNl CPU=0.2% WCHAN=do_select
2026-07-13 21:46:03.053   | 8176   | SNl  | 0.0    | 75       | 3       | 8s
        └ thread TID=8176 STAT=SNl CPU=1.5% WCHAN=futex_wait
        └ thread TID=8305 STAT=SNl CPU=0.1% WCHAN=do_select
        └ thread TID=8306 STAT=SNl CPU=0.1% WCHAN=do_select
2026-07-13 21:46:04.427   | 8176   | SNl  | 1.5    | 100      | 3       | 9s
        └ thread TID=8176 STAT=SNl CPU=1.3% WCHAN=futex_wait
        └ thread TID=8305 STAT=SNl CPU=0.1% WCHAN=do_select
        └ thread TID=8306 STAT=SNl CPU=0.2% WCHAN=do_select
2026-07-13 21:46:05.814   | 8176   | SNl  | 0.0    | 100      | 3       | 11s
        └ thread TID=8176 STAT=SNl CPU=1.2% WCHAN=futex_wait
        └ thread TID=8305 STAT=SNl CPU=0.1% WCHAN=do_select
        └ thread TID=8306 STAT=SNl CPU=0.2% WCHAN=do_select
2026-07-13 21:46:07.201   | 8176   | SNl  | 0.7    | 125      | 3       | 12s
        └ thread TID=8176 STAT=SNl CPU=1.0% WCHAN=futex_wait
        └ thread TID=8305 STAT=SNl CPU=0.2% WCHAN=do_select
        └ thread TID=8306 STAT=SNl CPU=0.3% WCHAN=do_select
2026-07-13 21:46:08.578   | 8176   | SNl  | 0.0    | 125      | 3       | 14s
        └ thread TID=8176 STAT=SNl CPU=0.9% WCHAN=futex_wait
        └ thread TID=8305 STAT=SNl CPU=0.1% WCHAN=do_select
        └ thread TID=8306 STAT=SNl CPU=0.2% WCHAN=do_select
2026-07-13 21:46:09.964   | 8176   | SNl  | 0.7    | 150      | 3       | 15s
        └ thread TID=8176 STAT=SNl CPU=0.8% WCHAN=futex_wait
        └ thread TID=8305 STAT=SNl CPU=0.3% WCHAN=do_select
        └ thread TID=8306 STAT=SNl CPU=0.2% WCHAN=do_select
2026-07-13 21:46:11.356   | 8176   | SNl  | 0.7    | 150      | 3       | 16s
        └ thread TID=8176 STAT=SNl CPU=0.8% WCHAN=futex_wait
        └ thread TID=8305 STAT=SNl CPU=0.2% WCHAN=do_select
        └ thread TID=8306 STAT=SNl CPU=0.2% WCHAN=do_select
2026-07-13 21:46:12.721   | 8176   | SNl  | 0.0    | 150      | 3       | 18s
        └ thread TID=8176 STAT=SNl CPU=0.7% WCHAN=futex_wait
        └ thread TID=8305 STAT=SNl CPU=0.2% WCHAN=do_select
        └ thread TID=8306 STAT=SNl CPU=0.2% WCHAN=do_select
2026-07-13 21:46:14.076   | 8176   | SNl  | 1.5    | 175      | 3       | 19s
        └ thread TID=8176 STAT=SNl CPU=0.7% WCHAN=futex_wait
        └ thread TID=8305 STAT=SNl CPU=0.2% WCHAN=do_select
        └ thread TID=8306 STAT=SNl CPU=0.3% WCHAN=do_select
2026-07-13 21:46:15.419   | 8176   | SNl  | 0.0    | 175      | 3       | 20s
        └ thread TID=8176 STAT=SNl CPU=0.6% WCHAN=futex_wait
        └ thread TID=8305 STAT=SNl CPU=0.2% WCHAN=do_select
        └ thread TID=8306 STAT=SNl CPU=0.2% WCHAN=do_select
2026-07-13 21:46:16.778   | 8176   | SNl  | 1.5    | 200      | 3       | 22s
        └ thread TID=8176 STAT=SNl CPU=0.6% WCHAN=futex_wait
        └ thread TID=8305 STAT=SNl CPU=0.2% WCHAN=do_select
        └ thread TID=8306 STAT=SNl CPU=0.3% WCHAN=do_select
2026-07-13 21:46:18.164   | 8176   | SNl  | 0.0    | 200      | 3       | 23s
        └ thread TID=8176 STAT=SNl CPU=0.5% WCHAN=futex_wait
        └ thread TID=8305 STAT=SNl CPU=0.2% WCHAN=do_select
        └ thread TID=8306 STAT=SNl CPU=0.2% WCHAN=do_select
2026-07-13 21:46:19.542   | 8176   | SNl  | 0.7    | 225      | 3       | 25s
        └ thread TID=8176 STAT=SNl CPU=0.5% WCHAN=futex_wait
        └ thread TID=8305 STAT=SNl CPU=0.2% WCHAN=do_select
        └ thread TID=8306 STAT=SNl CPU=0.3% WCHAN=do_select
2026-07-13 21:46:20.928   | 8176   | SNl  | 0.0    | 225      | 3       | 26s
        └ thread TID=8176 STAT=SNl CPU=0.5% WCHAN=futex_wait
        └ thread TID=8305 STAT=SNl CPU=0.2% WCHAN=do_select
        └ thread TID=8306 STAT=SNl CPU=0.2% WCHAN=do_select
2026-07-13 21:46:22.289   | 8176   | SNl  | 1.5    | 250      | 3       | 27s
        └ thread TID=8176 STAT=SNl CPU=0.4% WCHAN=futex_wait
        └ thread TID=8305 STAT=SNl CPU=0.2% WCHAN=do_select
        └ thread TID=8306 STAT=SNl CPU=0.2% WCHAN=do_select
2026-07-13 21:46:23.675   | 8176   | SNl  | 0.0    | 250      | 3       | 29s
        └ thread TID=8176 STAT=SNl CPU=0.4% WCHAN=futex_wait
        └ thread TID=8305 STAT=SNl CPU=0.2% WCHAN=do_select
        └ thread TID=8306 STAT=SNl CPU=0.3% WCHAN=do_select
2026-07-13 21:46:25.060   | 8176   | SNl  | 0.7    | 275      | 3       | 30s
        └ thread TID=8176 STAT=SNl CPU=0.4% WCHAN=futex_wait
        └ thread TID=8305 STAT=SNl CPU=0.2% WCHAN=do_select
        └ thread TID=8306 STAT=SNl CPU=0.2% WCHAN=do_select
2026-07-13 21:46:26.415   | 8176   | SNl  | 1.5    | 275      | 3       | 31s
        └ thread TID=8176 STAT=SNl CPU=0.4% WCHAN=futex_wait
        └ thread TID=8305 STAT=SNl CPU=0.2% WCHAN=do_select
        └ thread TID=8306 STAT=SNl CPU=0.3% WCHAN=do_select
2026-07-13 21:46:27.788   | 8176   | SNl  | 0.0    | 275      | 3       | 33s
        └ thread TID=8176 STAT=SNl CPU=0.4% WCHAN=futex_wait
        └ thread TID=8305 STAT=SNl CPU=0.2% WCHAN=do_select
        └ thread TID=8306 STAT=SNl CPU=0.2% WCHAN=do_select
2026-07-13 21:46:29.166   | 8176   | SNl  | 0.0    | 300      | 3       | 34s
        └ thread TID=8176 STAT=SNl CPU=0.4% WCHAN=futex_wait
        └ thread TID=8305 STAT=SNl CPU=0.2% WCHAN=do_select
        └ thread TID=8306 STAT=SNl CPU=0.2% WCHAN=do_select
[monitor.sh] 지정한 관측 시간(35s) 도달. 종료합니다.
[monitor.sh] STOP 2026-07-13 21:46:30.341
